// Jest Snapshot v1, https://goo.gl/fbAQLP

exports[`ExternalLink component It matches the snapshot. 1`] = `
<a
  alt=""
  href="/"
  onClick={[Function]}
  rel="noopener noreferrer"
  target="_blank"
>
  My external link
</a>
`;
